// Jest Snapshot v1, https://goo.gl/fbAQLP

exports[`Feed renders correctly 1`] = `
<div>
  <div>
    <div>
      <time
        dateTime="September 1, 2016"
      >
        September 2016
      </time>
      <span />
      <span>
        <a
          href="/test_0"
        >
          test_0
        </a>
      </span>
    </div>
    <h2>
      <a
        href="/test_0"
      >
        test_0
      </a>
    </h2>
    <p>
      test_0
    </p>
    <a
      href="/test_0"
    >
      Leer
    </a>
  </div>
  <div>
    <div>
      <time
        dateTime="September 1, 2016"
      >
        September 2016
      </time>
      <span />
      <span>
        <a
          href="/test_1"
        >
          test_1
        </a>
      </span>
    </div>
    <h2>
      <a
        href="/test_1"
      >
        test_1
      </a>
    </h2>
    <p>
      test_1
    </p>
    <a
      href="/test_1"
    >
      Leer
    </a>
  </div>
</div>
`;
